2025-12-16 10:33:02,709 - crawler_api - INFO - 收到数据采集请求: target=shanghai_cross_border_association_policy, task_name=shanghai_cross_border_association_policy, is_incremental=1
2025-12-16 10:33:02,710 - config.db_config - INFO - 数据库配置 - 主机: localhost, 端口: 5236, 用户: SYSDBA, 数据库: SYSDBA
2025-12-16 10:33:02,711 - crawler_api - ERROR - 创建任务异常: TaskManager.create_task() got an unexpected keyword argument 'target'
2025-12-16 10:33:02,714 - crawler_api - ERROR - 异常堆栈: Traceback (most recent call last):
  File "e:\py_project\crawl4ai\crawler_api.py", line 250, in collect_data
    task_id = await task_manager.create_task(
                    ~~~~~~~~~~~~~~~~~~~~~~~~^
        target=request.target,
        ^^^^^^^^^^^^^^^^^^^^^^
    ...<2 lines>...
        db_config=db_config
        ^^^^^^^^^^^^^^^^^^^
    )
    ^
TypeError: TaskManager.create_task() got an unexpected keyword argument 'target'

2025-12-16 10:38:22,120 - crawler_api - INFO - 收到数据采集请求: target=shanghai_cross_border_association_policy, task_name=shanghai_cross_border_association_policy, is_incremental=1
2025-12-16 10:38:22,122 - config.db_config - INFO - 数据库配置 - 主机: localhost, 端口: 5236, 用户: SYSDBA, 数据库: SYSDBA
2025-12-16 10:38:22,123 - utils.db_manager - INFO - 尝试连接达梦数据库: host=localhost, port=5236, user=SYSDBA, database=SYSDBA
2025-12-16 10:38:22,218 - utils.db_manager - INFO - 使用标准参数成功连接到达梦数据库（未指定数据库）
2025-12-16 10:38:22,230 - utils.db_manager - INFO - 数据库连接验证成功
2025-12-16 10:38:22,230 - utils.db_manager - INFO - 成功连接到达梦数据库: localhost:5236/SYSDBA
2025-12-16 10:38:22,241 - utils.db_manager - INFO - 更新完成，影响 1 行
2025-12-16 10:38:22,241 - utils.db_manager - INFO - 任务信息已保存到数据库: 20251216103822dmRp
2025-12-16 10:38:22,241 - utils.task_manager - INFO - 任务信息已保存到数据库: 20251216103822dmRp
2025-12-16 10:38:22,241 - utils.task_manager - INFO - 已创建任务并添加到队列: 20251216103822dmRp, collection_template: shanghai_cross_border_association_policy, task_name=shanghai_cross_border_association_policy, is_incremental=1, knowledge_base_name=
2025-12-16 10:38:22,242 - crawler_api - INFO - 已创建采集任务: 20251216103822dmRp, 任务名称: shanghai_cross_border_association_policy, 任务类型: 全量采集
2025-12-16 10:38:22,242 - utils.task_manager - INFO - 开始处理任务队列
2025-12-16 10:38:22,242 - utils.task_manager - INFO - 开始执行任务: 20251216103822dmRp
2025-12-16 10:38:22,246 - utils.db_manager - INFO - 更新完成，影响 1 行
2025-12-16 10:38:22,246 - utils.db_manager - INFO - 任务信息已更新到数据库: 20251216103822dmRp
2025-12-16 10:38:22,250 - utils.task_manager - ERROR - 任务执行失败: 20251216103822dmRp, 错误: name 'os' is not defined
Traceback (most recent call last):
  File "e:\py_project\crawl4ai\utils\task_manager.py", line 260, in _execute_task
    module = importlib.import_module(module_name)
  File "E:\python\Lib\importlib\__init__.py", line 88, in import_module
    return _bootstrap._gcd_import(name[level:], package, level)
           ~~~~~~~~~~~~~~~~~~~~~~^^^^^^^^^^^^^^^^^^^^^^^^^^^^^^
  File "<frozen importlib._bootstrap>", line 1387, in _gcd_import
  File "<frozen importlib._bootstrap>", line 1360, in _find_and_load
  File "<frozen importlib._bootstrap>", line 1331, in _find_and_load_unlocked
  File "<frozen importlib._bootstrap>", line 935, in _load_unlocked
  File "<frozen importlib._bootstrap_external>", line 1026, in exec_module
  File "<frozen importlib._bootstrap>", line 488, in _call_with_frames_removed
  File "e:\py_project\crawl4ai\get_links_script\shanghai_cross_border_association_policy.py", line 2, in <module>
    project_root = os.path.dirname(os.path.dirname(os.path.abspath(__file__)))
                   ^^
NameError: name 'os' is not defined. Did you forget to import 'os'?
2025-12-16 10:38:22,253 - utils.task_manager - ERROR - Traceback (most recent call last):
  File "e:\py_project\crawl4ai\utils\task_manager.py", line 260, in _execute_task
    module = importlib.import_module(module_name)
  File "E:\python\Lib\importlib\__init__.py", line 88, in import_module
    return _bootstrap._gcd_import(name[level:], package, level)
           ~~~~~~~~~~~~~~~~~~~~~~^^^^^^^^^^^^^^^^^^^^^^^^^^^^^^
  File "<frozen importlib._bootstrap>", line 1387, in _gcd_import
  File "<frozen importlib._bootstrap>", line 1360, in _find_and_load
  File "<frozen importlib._bootstrap>", line 1331, in _find_and_load_unlocked
  File "<frozen importlib._bootstrap>", line 935, in _load_unlocked
  File "<frozen importlib._bootstrap_external>", line 1026, in exec_module
  File "<frozen importlib._bootstrap>", line 488, in _call_with_frames_removed
  File "e:\py_project\crawl4ai\get_links_script\shanghai_cross_border_association_policy.py", line 2, in <module>
    project_root = os.path.dirname(os.path.dirname(os.path.abspath(__file__)))
                   ^^
NameError: name 'os' is not defined. Did you forget to import 'os'?

2025-12-16 10:38:22,255 - utils.db_manager - INFO - 更新完成，影响 1 行
2025-12-16 10:38:22,255 - utils.db_manager - INFO - 任务信息已更新到数据库: 20251216103822dmRp
2025-12-16 10:38:22,255 - utils.task_manager - INFO - 任务队列处理完毕
2025-12-16 10:45:27,195 - crawler_api - INFO - 收到数据采集请求: target=shanghai_cross_border_association_policy, task_name=shanghai_cross_border_association_policy, is_incremental=1
2025-12-16 10:45:27,196 - config.db_config - INFO - 数据库配置 - 主机: localhost, 端口: 5236, 用户: SYSDBA, 数据库: SYSDBA
2025-12-16 10:45:27,198 - utils.db_manager - INFO - 尝试连接达梦数据库: host=localhost, port=5236, user=SYSDBA, database=SYSDBA
2025-12-16 10:45:27,248 - utils.db_manager - INFO - 使用标准参数成功连接到达梦数据库（未指定数据库）
2025-12-16 10:45:27,252 - utils.db_manager - INFO - 数据库连接验证成功
2025-12-16 10:45:27,253 - utils.db_manager - INFO - 成功连接到达梦数据库: localhost:5236/SYSDBA
2025-12-16 10:45:27,259 - utils.db_manager - INFO - 更新完成，影响 1 行
2025-12-16 10:45:27,259 - utils.db_manager - INFO - 任务信息已保存到数据库: 20251216104527zZzl
2025-12-16 10:45:27,259 - utils.task_manager - INFO - 任务信息已保存到数据库: 20251216104527zZzl
2025-12-16 10:45:27,259 - utils.task_manager - INFO - 已创建任务并添加到队列: 20251216104527zZzl, collection_template: shanghai_cross_border_association_policy, task_name=shanghai_cross_border_association_policy, is_incremental=1, knowledge_base_name=
2025-12-16 10:45:27,260 - crawler_api - INFO - 已创建采集任务: 20251216104527zZzl, 任务名称: shanghai_cross_border_association_policy, 任务类型: 全量采集
2025-12-16 10:45:27,261 - utils.task_manager - INFO - 开始处理任务队列
2025-12-16 10:45:27,261 - utils.task_manager - INFO - 开始执行任务: 20251216104527zZzl
2025-12-16 10:45:27,264 - utils.db_manager - INFO - 更新完成，影响 1 行
2025-12-16 10:45:27,264 - utils.db_manager - INFO - 任务信息已更新到数据库: 20251216104527zZzl
2025-12-16 10:45:27,273 - utils.task_manager - INFO - 任务 20251216104527zZzl 使用 全量采集 模式获取链接
2025-12-16 10:45:30,117 - utils.db_manager - INFO - 查询完成，返回 1 条记录
2025-12-16 10:45:30,124 - utils.db_manager - INFO - 更新完成，影响 1 行
2025-12-16 10:45:30,124 - utils.db_manager - INFO - 已插入最新链接: shanghai_cross_border_association_policy -> https://www.scea.co/policy/show/id/3503.html
2025-12-16 10:45:30,124 - utils.task_manager - INFO - 任务 20251216104527zZzl 动态参数设置完成: task_name=shanghai_cross_border_association_policy, is_incremental=1, batch_size=5, flush_interval=60, links_count=7, file_name=20251216104527zZzl (与task_id相同)
2025-12-16 10:45:30,126 - utils.db_manager - INFO - 更新完成，影响 1 行
2025-12-16 10:45:30,126 - utils.db_manager - INFO - 任务信息已更新到数据库: 20251216104527zZzl
2025-12-16 10:45:30,127 - utils.crawler_utils - INFO - 开始批量爬取，共 7 个URL，批量写入大小: 5, 刷新间隔: 60秒
2025-12-16 10:45:30,147 - utils.crawler_utils - INFO - 爬虫配置已构建: target_elements=['.page-heading > h1', '.post-content > h2', '.post-content > section', '.post-content > p']
2025-12-16 10:45:30,148 - utils.crawler_utils - INFO - 设置最大并发爬虫实例数: 1, 总URL组数: 1
2025-12-16 10:45:30,148 - utils.crawler_utils - INFO - 开始处理第 1/1 组URL，包含 7 个URL
2025-12-16 10:45:37,399 - utils.db_manager - INFO - 更新完成，影响 1 行
2025-12-16 10:45:37,399 - utils.db_manager - INFO - 任务信息已更新到数据库: 20251216104527zZzl
2025-12-16 10:45:37,401 - utils.db_manager - INFO - 更新完成，影响 1 行
2025-12-16 10:45:37,401 - utils.db_manager - INFO - 任务信息已更新到数据库: 20251216104527zZzl
2025-12-16 10:45:37,403 - utils.db_manager - INFO - 更新完成，影响 1 行
2025-12-16 10:45:37,404 - utils.db_manager - INFO - 任务信息已更新到数据库: 20251216104527zZzl
2025-12-16 10:45:37,404 - utils.db_manager - INFO - 更新完成，影响 1 行
2025-12-16 10:45:37,404 - utils.db_manager - INFO - 任务信息已更新到数据库: 20251216104527zZzl
2025-12-16 10:45:37,405 - utils.db_manager - INFO - 更新完成，影响 1 行
2025-12-16 10:45:37,405 - utils.db_manager - INFO - 任务信息已更新到数据库: 20251216104527zZzl
2025-12-16 10:45:37,407 - utils.db_manager - INFO - 更新完成，影响 1 行
2025-12-16 10:45:37,407 - utils.db_manager - INFO - 任务信息已更新到数据库: 20251216104527zZzl
2025-12-16 10:45:37,408 - utils.db_manager - INFO - 更新完成，影响 1 行
2025-12-16 10:45:37,408 - utils.db_manager - INFO - 任务信息已更新到数据库: 20251216104527zZzl
2025-12-16 10:45:37,570 - utils.crawler_utils - INFO - 第 1 组URL处理完成，耗时: 7.42秒
2025-12-16 10:45:37,572 - utils.crawler_utils - INFO - 批量爬取完成: 总耗时 7.45秒, 成功 7 个, 失败 0 个
2025-12-16 10:45:37,572 - utils.crawler_utils - INFO - 所有成功爬取的URL内容已保存到文件: 20251216104527zZzl
2025-12-16 10:45:37,573 - utils.task_manager - INFO - 任务执行成功: 20251216104527zZzl, 成功 7 个, 失败 0 个, 文件保存为: 20251216104527zZzl.json
2025-12-16 10:45:37,574 - utils.db_manager - INFO - 更新完成，影响 1 行
2025-12-16 10:45:37,574 - utils.db_manager - INFO - 任务信息已更新到数据库: 20251216104527zZzl
2025-12-16 10:45:37,574 - utils.task_manager - INFO - 任务队列处理完毕
2025-12-16 10:49:24,574 - utils.db_manager - INFO - 查询完成，返回 1 条记录
2025-12-16 10:49:24,586 - utils.db_manager - INFO - 查询完成，返回 2 条记录
2025-12-16 10:49:24,587 - utils.db_manager - INFO - 分页查询结果: 返回 2 条任务, 总数: 2, 总页数: 1
